197 candidates x 16 years = 3152 downloads
... 100/3152 55s
... 200/3152 93s
... 300/3152 205s
... 400/3152 262s
... 500/3152 320s
... 600/3152 370s
... 700/3152 434s
... 800/3152 500s
... 900/3152 549s
... 1000/3152 623s
... 1100/3152 763s
... 1200/3152 824s
... 1300/3152 895s
... 1400/3152 1027s
... 1500/3152 1082s
... 1600/3152 1170s
... 1700/3152 1224s
... 1800/3152 1261s
... 1900/3152 1310s
... 2000/3152 1341s
... 2100/3152 1385s
... 2200/3152 1420s
... 2300/3152 1496s
... 2400/3152 1528s
... 2500/3152 1599s
... 2600/3152 1641s
... 2700/3152 1690s
... 2800/3152 1712s
... 2900/3152 1773s
... 3000/3152 1921s
... 3100/3152 2052s
{
 "rule": "five consecutive completed years ending with the latest completed year in which >= 75 % of candidates have a valid flow year",
 "candidates": 197,
 "share_valid_by_year": {
  "2010": 0.4822,
  "2011": 0.5025,
  "2012": 0.5127,
  "2013": 0.5127,
  "2014": 0.5076,
  "2015": 0.5228,
  "2016": 0.5228,
  "2017": 0.736,
  "2018": 0.7462,
  "2019": 0.7563,
  "2020": 0.7563,
  "2021": 0.7563,
  "2022": 0.7462,
  "2023": 0.7259,
  "2024": 0.1015,
  "2025": 0.1218
 },
 "end": 2021,
 "years": [
  2017,
  2018,
  2019,
  2020,
  2021
 ]
}
